(168990,95988) = 0
(234284,142539) = 365
(32922,123826) = 0
(822521,406956) = 781
(496627,904977) = 0
(514983,28759) = 0
(743268,57370) = 0
(114551,57358) = 121
(810761,300831) = 0
(152840,595148) = 409
(107565,387572) = 0
(671433,894115) = 0
(939456,806913) = 0
(881205,502590) = 22
(898234,605718) = 350
(638434,36664) = 0
(69896,250605) = 0
(43405,400870) = 0
(889611,224288) = 0
(490138,41774) = 0
(425312,454438) = 0
(882595,736973) = 539
(487445,443501) = 457
(488585,949947) = 0
(756128,547802) = 0
(932717,434301) = 166
(597434,211830) = 0
(325302,37829) = 0
(786397,192109) = 338
(443298,426068) = 0
(916792,833832) = 0
(866262,971976) = 0
(74271,163929) = 273
(128115,884128) = 145
(41548,799698) = 0
(32335,295362) = 0
(890994,768873) = 679
(657764,331593) = 629
(494128,693433) = 0
(84732,890127) = 0
(269332,520898) = 0
(549732,197379) = 0
(852817,82313) = 0
(242203,408013) = 822
(603413,648467) = 0
(737239,769520) = 0
(531313,83697) = 834
(180621,94472) = 0
(692888,248780) = 0
(309963,971946) = 0
(587948,726312) = 0
(279326,358039) = 71
(888033,989568) = 799
(284222,930465) = 0
(292120,840338) = 537
(42862,295971) = 0
(354373,221135) = 0
(801119,769447) = 648
(491015,274715) = 325
(854489,713756) = 593
(399253,209306) = 422
(987664,279747) = 0
(660692,198601) = 897
(287518,946479) = 986
(690135,477459) = 0
(580481,144075) = 793
(288030,437752) = 0
(22602,639871) = 0
(808288,184905) = 0
(934579,767311) = 642
(18237,874012) = 783
(870961,698738) = 69
(168990,737857) = 387
(473450,189410) = 11
(86227,232025) = 381
(726463,333651) = 0
(974247,392376) = 0
(199849,278343) = 0
(280322,991159) = 0
(927220,159929) = 0
(919597,902978) = 0
(569727,72615) = 0
(624425,223166) = 571
(628630,432899) = 763
(958482,895043) = 840
(98243,509959) = 285
(716923,162017) = 0
(581250,873568) = 279
(399888,379506) = 397
(362663,526295) = 435
(414114,345647) = 668
(774457,665831) = 0
(258469,335307) = 0
(419595,293251) = 768
(323030,338146) = 542
(543182,157321) = 26
(334476,309736) = 0
(156033,605895) = 0
(428118,254629) = 0
(376679,285798) = 0
(84181,618104) = 574
(89287,498740) = 219
(631448,544112) = 644
(133452,195670) = 0
(313412,730877) = 517
(22688,321337) = 168
(13893,77590) = 523
(285322,926905) = 0
(649310,880710) = 193
(731577,902940) = 686
(23567,766420) = 0
(372433,499791) = 196
(115112,604977) = 64
(142797,109127) = 0
(169620,810522) = 0
(7231,665625) = 0
(803779,545347) = 208
(229355,62964) = 0
(711752,746436) = 706
(645104,368730) = 859
(769025,6197) = 0
(687626,98245) = 712
(919341,864600) = 901
(577313,892577) = 782
(507704,251295) = 0
(262392,213059) = 0
(228788,350317) = 0
(817281,288892) = 443
(975790,64481) = 0
(210140,11528) = 0
(673816,129445) = 453
(847825,148769) = 0
(269480,478231) = 112
(733604,450783) = 601
(924427,432060) = 602
(270383,62133) = 354
(151034,1860) = 0
(746111,638687) = 833
(729473,436317) = 0
(296680,942612) = 346
(351835,635699) = 0
(678231,936620) = 0
(407850,748962) = 0
(660449,424060) = 0
(787403,975046) = 462
(581865,997033) = 893
(621038,550757) = 690
(716658,802720) = 0
(40561,805860) = 887
(586933,354753) = 748
(135392,736753) = 0
(117539,514847) = 0
(65356,474671) = 791
(631889,646058) = 591
(197224,375033) = 146
(432375,99943) = 658
(674184,799899) = 256
(243800,121652) = 572
(862287,914796) = 255
(774957,733071) = 531
(609267,323716) = 0
(774908,952967) = 0
(286223,411140) = 0
(228353,872767) = 827
(224993,705084) = 618
(341587,152261) = 0
(985551,723931) = 0
(149831,129669) = 0
(366241,743297) = 0
(451899,568853) = 178
(818060,932179) = 0
(418097,267175) = 182
(546829,475160) = 547
(452466,60470) = 0
(560134,316925) = 0
(874333,131635) = 0
(637831,590635) = 0
(391153,195291) = 559
(167665,686790) = 0
(4060,518620) = 0
(426578,721420) = 606
(586225,655548) = 0
(37050,871243) = 421
(722320,849331) = 792
(147840,371369) = 261
(923568,201442) = 626
(626343,856425) = 0
(638413,188119) = 700
(228283,479315) = 0
(518542,19281) = 0
(367972,327431) = 0
(615371,813394) = 0
(89508,373106) = 0
(4029,353062) = 0
(931574,843320) = 583
(855928,154775) = 0
(226897,568782) = 0
(840325,479808) = 390
(938480,727336) = 0
(769870,925792) = 377
(396173,128728) = 269
(599619,411281) = 303
(109951,250578) = 709
(705559,850415) = 0
(802050,669762) = 0
(377660,512297) = 0
(354080,49842) = 0
(768585,730025) = 277
(126544,255004) = 722
(241040,61367) = 0
(501233,233291) = 8
(411382,333739) = 936
(609212,678894) = 0
(961476,708214) = 0
(478777,74816) = 0
(119256,232178) = 907
(382278,286122) = 846
(722452,190141) = 0
(106166,454557) = 0
(973707,7165) = 616
(541867,656068) = 949
(14516,16552) = 315
(35093,59409) = 357
(904109,244777) = 0
(75644,247338) = 242
(830546,774435) = 0
(51592,309348) = 0
(268648,815378) = 759
(600772,459927) = 62
(709319,240940) = 330
(747370,86729) = 0
(948143,590616) = 0
(377231,689830) = 0
(900962,529054) = 976
(966859,547283) = 717
(319869,815852) = 134
(916624,465803) = 0
(332442,361988) = 345
(943341,888254) = 937
(233108,674441) = 0
(95967,553234) = 0
(905208,413331) = 0
(339795,452687) = 217
(59595,544857) = 634
(265569,391609) = 694
(345860,863073) = 0
(900926,460292) = 0
(237542,956898) = 226
(901383,959920) = 0
(531189,517689) = 0
(311382,233263) = 0
(185388,636549) = 554
(918827,209128) = 0
(358969,147258) = 564
(243086,439798) = 0
(605261,198443) = 944
(483752,673923) = 0
(969801,330002) = 0
(321763,308133) = 0
(42661,372435) = 727
(781530,844208) = 695
(155869,650432) = 0
(948702,319829) = 339
(487536,662299) = 0
(77538,554513) = 0
(643764,400627) = 0
(90498,862176) = 0
(984268,187131) = 0
(784020,818018) = 809
(549686,481963) = 0
(968956,145452) = 711
(433395,925767) = 296
(704956,103439) = 17
(465987,998384) = 995
(566872,17087) = 0
(763340,677366) = 775
(812025,227582) = 881
(876293,441674) = 0
(806948,489237) = 733
(372165,627029) = 333
(280413,500343) = 666
(717049,516764) = 0
(20115,693945) = 43
(915900,343914) = 0
(560445,671724) = 721
(854701,649637) = 665
(199542,918789) = 614
(110604,428304) = 0
(504489,806495) = 987
(911389,106510) = 687
(359955,161691) = 0
(372994,849238) = 0
(651195,818756) = 485
(201516,419889) = 0
(230511,677263) = 0
(745961,132730) = 708
(147170,781258) = 600
(927812,913863) = 0
(21442,189919) = 0
(42503,9836) = 489
(718195,426256) = 0
(117035,461060) = 0
(345103,774179) = 0
(228846,774153) = 247
(583217,558580) = 0
(236199,610169) = 295
(715963,767274) = 876
(534279,399900) = 0
(723722,809790) = 0
(656481,765336) = 0
(435187,440919) = 959
(879096,119319) = 0
(303829,703345) = 0
(141170,105252) = 823
(251746,938451) = 379
(911016,878521) = 651
(201525,232745) = 0
(377482,845395) = 0
(509453,16270) = 0
(936436,381318) = 0
(40297,336259) = 108
(388901,635852) = 819
(930343,891645) = 0
(737777,212285) = 21
(116912,454893) = 163
(191555,434343) = 558
(794727,577283) = 264
(2062,444731) = 0
(356999,279007) = 0
(24695,720491) = 0
(993568,195687) = 922
(379538,652078) = 0
(930925,889495) = 404
(828952,222589) = 0
(592851,43190) = 671
(419600,446135) = 555
(685544,726973) = 246
(695195,104820) = 909
(523759,722816) = 415
(704288,96504) = 0
(321331,127998) = 0
(381331,418504) = 0
(732933,139449) = 458
(956426,936337) = 0
(495949,419678) = 0
(996921,499410) = 0
(962657,238491) = 0
(162181,862198) = 267
(10546,182275) = 230
(682728,199988) = 0
(705154,907314) = 0
(378138,146875) = 0
(661804,451664) = 0
(370294,487612) = 0
(801730,858711) = 0
(658209,184472) = 681
(740868,363676) = 0
(811061,258417) = 0
(719150,471235) = 0
(244482,145789) = 520
(853679,12018) = 0
(290759,471505) = 0
(762638,237968) = 814
(783313,996860) = 0
(18630,547813) = 0
(629835,728979) = 192
(361097,634289) = 335
(531105,269787) = 501
(379676,718866) = 0
(614595,436720) = 0
(817943,798088) = 772
(353524,914706) = 0
(514331,41247) = 699
(824122,434093) = 0
(273568,740751) = 984
(638814,779833) = 75
(726719,604735) = 42
(104815,681255) = 0
(838655,966399) = 507
(132889,168061) = 0
(120476,846804) = 0
(954725,826623) = 556
(97096,771497) = 359
(795689,73780) = 0
(980818,506047) = 0
(855753,19026) = 0
(967507,343578) = 0
(173827,792653) = 852
(761500,549372) = 152
(496093,273707) = 702
(24279,225630) = 0
(324475,319016) = 969
(411031,692739) = 569
(859461,25128) = 847
(165507,257499) = 0
(842136,885673) = 0
(637533,432219) = 0
(69954,982298) = 159
(504904,256708) = 0
(862978,624153) = 473
(667618,956376) = 0
(276127,83990) = 14
(680083,562586) = 669
(549438,888866) = 301
(22088,886357) = 972
(713420,448484) = 0
(192959,350920) = 0
(615836,496715) = 861
(154104,135455) = 592
(158887,289736) = 0
(614032,842637) = 815
(300174,726201) = 0
(84058,108922) = 764
(26893,859152) = 0
(687903,253961) = 309
(394101,470225) = 0
(617493,733977) = 0
(39561,275361) = 0
(217235,759028) = 0
(964825,259265) = 384
(976272,156765) = 0
(356121,412609) = 0
(188093,403269) = 484
(361074,506135) = 0
(635662,474369) = 332
(780198,836924) = 0
(255786,638509) = 352
(905819,964168) = 0
(756597,640889) = 0
(895274,145943) = 989
(592956,881271) = 0
(589875,851807) = 549
(486692,479297) = 0
(130891,360299) = 1
(690455,498944) = 0
(90581,891979) = 0
(618307,511898) = 468
(675223,414029) = 0
(339475,924224) = 426
(692746,871488) = 0
(413039,833608) = 0
(442339,994283) = 816
(754390,277489) = 838
(908481,971279) = 0
(966866,54431) = 619
(417864,259413) = 0
(482489,28447) = 0
(255111,348998) = 0
(972282,980168) = 724
(446478,736543) = 474
(570012,484754) = 0
(755233,303075) = 0
(287286,175989) = 516
(318843,259378) = 0
(494079,281663) = 784
(129866,507778) = 0
(764907,374578) = 0
