35 nao esta em C175781331
51 nao esta em C407114470
-72 esta em C777350004
-50 esta em C63873198
C175781331 = {}
-80 nao esta em C543882136
C43777041 = {}
C908266758 = {}
-72 esta em C33720106
C407114470 = {}
44 esta em C63873198
C35434104 = {}
C407114470 = {-3}
-13 nao esta em C407114470
C63873198 = {-91, -72, -50, 44, 70, 73, 90, 93}
-45 esta em C80672796
C250299150 = {}
C250299150 = {}
C298923473 = {-72}
-54 nao esta em C43777041
C298923473 = {-72}
C138031792 = {-28, 0, 4, 33, 86}
C439232929 = {}
-32 nao esta em C200024103
C717797869 = {-92, -80, -72, -71, -68, 2, 40, 58, 86}
C439232929 = {}
C138665777 = {-98, -1, 71}
C190786372 = {-50, 44, 90, 93}
44 nao esta em C971830946
C98593735 = {-92, -38, -21, 35}
C78201478 = {-97, -25, 10, 35, 50, 53, 79}
-48 nao esta em C128057051
2 nao esta em C586449557
-67 nao esta em C485272090
-36 nao esta em C677697533
-72 esta em C366430393
C729641203 = {-99, -89, -85, -48, -32, -25, 30, 37, 81, 93, 94, 98}
25 nao esta em C175781331
C108616837 = {}
C965840506 = {}
-24 nao esta em C165518614
C182255337 = {}
C450929622 = {}
C677697533 = {}
C965840506 = {}
92 nao esta em C165839650
C181122172 = {}
C971830946 = {}
56 nao esta em C190786372
C526261948 = {}
C250299150 = {-73, 64, 75, 89}
C645671561 = {-92, -72, -38, -21, 35}
C250299150 = {-73, 64, 75, 89}
-73 nao esta em C485272090
C211810498 = {}
-42 nao esta em C971830946
31 esta em C151944683
94 nao esta em C508790136
C809428532 = {}
C847140664 = {-72, -66, -58, -52, -50, -2, 24, 39, 44, 77, 90, 93, 99}
C128057051 = {}
39 nao esta em C62659225
49 nao esta em C965840506
C205457816 = {-50, 44, 90, 93}
C225330287 = {}
-71 nao esta em C44215505
58 nao esta em C161154940
77 nao esta em C102360432
19 nao esta em C547458006
61 nao esta em C363133010
C616061120 = {-92, -80, -73, -72, -71, -68, -50, -48, -44, -3, 2, 40, 44, 58, 81, 86, 90, 93, 94}
21 nao esta em C363133010
C952607913 = {}
83 nao esta em C181122172
C48627728 = {}
C175781331 = {}
C200024103 = {-92, -71, -50, -28, 0, 1, 44, 90, 93}
-3 nao esta em C138665777
C250299150 = {-73, 64, 75, 89}
C161154940 = {}
15 esta em C62659225
C105329151 = {-50, 44, 90, 93}
0 nao esta em C16211462
23 nao esta em C952937018
C543882136 = {-84, -72, -16, -13, 48, 84, 98}
-58 nao esta em C80672796
C270726094 = {}
C575888651 = {-39, -27, -15, 32, 60, 97, 99, 100}
93 esta em C58035165
C48627728 = {}
C953581499 = {}
55 nao esta em C225330287
38 nao esta em C58035165
-79 nao esta em C609474840
C208146834 = {}
C205457816 = {}
C526261948 = {}
C29777256 = {-50, 44, 90, 93}
-3 esta em C43777041
C12549857 = {80}
C763792116 = {-72}
48 nao esta em C165839650
C485272090 = {}
C175781331 = {}
C847140664 = {-72, -66, -58, -52, -50, -2, 24, 39, 44, 77, 90, 93, 99}
C165839650 = {}
C363133010 = {}
C543882136 = {-84, -72, -16, -13, 48, 84, 98}
-91 nao esta em C44215505
58 nao esta em C105329151
-14 nao esta em C175781331
-34 esta em C649263799
69 nao esta em C525540564
C547458006 = {}
C33720106 = {}
C211810498 = {}
51 esta em C200024103
-21 esta em C677697533
75 esta em C125561590
-38 nao esta em C171718159
35 esta em C98593735
27 esta em C789572403
-31 nao esta em C649263799
C33720106 = {}
C368794510 = {}
C873925602 = {}
C485272090 = {}
C78201478 = {}
C404896632 = {-72, -16}
C645671561 = {-92, -72, -38, -21, 35}
-31 nao esta em C765620762
-94 nao esta em C96412030
C195895850 = {}
-11 nao esta em C62659225
-9 esta em C777350004
-49 nao esta em C182255337
C525540564 = {}
C182255337 = {}
C115593374 = {-3}
15 nao esta em C758727308
68 nao esta em C485272090
C128057051 = {}
-2 nao esta em C473579475
C727621899 = {-39, -27, -15, 32, 60, 97, 99, 100}
C115593374 = {-3}
C63873198 = {}
5 nao esta em C98593735
C98593735 = {-92, -38, -21, 35}
-13 nao esta em C439232929
C145135406 = {-72}
-78 nao esta em C826414663
-62 nao esta em C526261948
C125561590 = {}
C62659225 = {}
34 nao esta em C368794510
C677697533 = {-92, -38, -21, 35}
C547458006 = {}
78 nao esta em C200024103
-9 nao esta em C80672796
C165518614 = {}
C225330287 = {}
C971830946 = {}
C719278365 = {}
C363133010 = {}
-69 nao esta em C389864469
C104782131 = {-83, -78, -64, -45, 11, 29, 59, 74}
C872159716 = {}
C29009490 = {}
C300272886 = {}
C473579475 = {}
90 esta em C190786372
C294164224 = {}
-65 nao esta em C680397708
C35434104 = {}
-16 nao esta em C880435423
C128057051 = {}
C649263799 = {-99, -71, -56, -50, -39, -34, -15, 0, 8, 23, 26, 44, 49, 81, 90, 93}
-80 nao esta em C480778833
C35434104 = {}
C104782131 = {-83, -78, -64, -45, 11, 29, 59, 74}
-28 nao esta em C225330287
-42 nao esta em C727621899
C667156574 = {-91, -68, -67, -45, -20, 38, 45, 50, 71, 97}
C809428532 = {}
38 nao esta em C228583120
-38 nao esta em C228583120
73 nao esta em C971830946
-66 nao esta em C44215505
C906128170 = {-73, -72, -16, 64, 75, 89}
C680397708 = {}
C906128170 = {-73, -72, -16, 64, 75, 89}
C78201478 = {}
-25 esta em C616061120
C23037320 = {-72, -16, 14, 19, 21, 29, 47, 50, 70, 82, 84}
1 nao esta em C250299150
C602512567 = {-94, 37, 63}
-52 nao esta em C873925602
-76 nao esta em C270726094
C210149582 = {-72, -16, 14, 19, 21, 29, 47, 50, 70, 82, 84}
73 nao esta em C298923473
-63 nao esta em C228583120
C742456628 = {}
-24 esta em C505522764
C298923473 = {}
C758727308 = {-65, -39, 22, 51}
C200024103 = {}
-27 esta em C354709799
C677697533 = {-92, -38, -21, 35}
94 nao esta em C971830946
C171718159 = {}
-90 nao esta em C12549857
C298923473 = {}
C12549857 = {-92, -80, -72, -68, 40, 58, 86}
C29009490 = {}
-91 esta em C205457816
C872159716 = {-42, -24, -6}
77 nao esta em C818341964
-68 esta em C62659225
14 nao esta em C777350004
-60 nao esta em C242659940
34 nao esta em C29009490
-55 nao esta em C956697050
25 nao esta em C88391404
C58035165 = {}
C526261948 = {}
C872159716 = {-42, -24, -6}
C480778833 = {-85, -6, 37, 83, 86, 94}
-87 nao esta em C649263799
-46 nao esta em C88391404
90 esta em C294164224
-93 nao esta em C200024103
C429453832 = {}
-69 esta em C547458006
C225330287 = {-97, -40, 26}
11 nao esta em C727621899
97 nao esta em C667156574
C315819299 = {}
C439232929 = {-80, -79, -53, -41, 5, 36, 45, 56, 77}
-29 nao esta em C12549857
C98593735 = {}
39 nao esta em C250299150
C104782131 = {}
69 nao esta em C33720106
C104782131 = {}
C544778448 = {-90, -75, -46, 43}
C29009490 = {}
-29 nao esta em C512570013
-16 esta em C195895850
C199047022 = {}
-3 nao esta em C151944683
C165518614 = {}
C190786372 = {}
C602512567 = {-94, -92, -74, -49, 14, 35, 37, 63, 64, 72}
21 nao esta em C224020323
C677697533 = {-86, -76, -72, -67, -66, -58, -52, -43, -30, -9, -2, 15, 24, 30, 39, 44, 73, 77, 93, 99}
C952937018 = {-72, -54, 40, 55, 80, 89}
C80672796 = {-65, -51, -33, -8, -1, 17, 51, 63, 68, 77}
C44215505 = {}
79 nao esta em C544778448
86 nao esta em C181122172
C823276737 = {-98, -53, -39, -27, -15, -8, 0, 3, 20, 32, 34, 42, 60, 97, 99, 100}
-2 nao esta em C16211462
C908266758 = {-85, -29, -5, 5, 32, 49, 60, 64, 72}
C880435423 = {}
-95 esta em C667156574
7 esta em C525540564
C298923473 = {}
C102360432 = {}
67 nao esta em C210149582
C29009490 = {}
C16211462 = {}
-2 nao esta em C138031792
C908266758 = {-85, -29, -5, 5, 32, 49, 60, 64, 72}
C729641203 = {}
C115593374 = {}
C717797869 = {}
C115593374 = {}
54 nao esta em C224020323
44 nao esta em C165518614
88 nao esta em C965840506
C667156574 = {-95, -79, -60, -38, 0, 24, 25, 43, 75, 78, 86, 95}
58 esta em C12549857
C23037320 = {-72, -63, -57, -16, -8, 2, 3, 14, 19, 20, 21, 25, 29, 41, 47, 50, 56, 57, 70, 77, 84, 87}
C747518665 = {}
13 esta em C826414663
-63 nao esta em C105329151
C288223627 = {-65, -28, 21, 42, 62, 65}
C288223627 = {-65, -28, 21, 42, 62, 65}
C98593735 = {-19}
C526261948 = {}
59 esta em C847140664
C508790136 = {}
C789572403 = {}
C108616837 = {-50, 44, 90, 93}
-52 nao esta em C525540564
-12 nao esta em C151944683
C742456628 = {-19}
-6 esta em C480778833
C539035967 = {}
97 nao esta em C407114470
83 nao esta em C182255337
C366430393 = {}
C288223627 = {-65, -28, 21, 42, 62, 65}
-89 nao esta em C300272886
-15 nao esta em C763792116
C294164224 = {-86, -76, -72, -67, -66, -58, -52, -50, -43, -30, -9, -2, 15, 24, 30, 39, 44, 73, 77, 90, 93, 99}
-5 esta em C908266758
C971830946 = {-19}
-23 nao esta em C616061120
C78201478 = {-90, -73, -67, -27, -12, 5, 33, 36, 59, 61, 91}
-12 nao esta em C138031792
54 nao esta em C33720106
70 nao esta em C525540564
C667156574 = {}
C195895850 = {-17, 82, 86}
C303387258 = {}
C872159716 = {}
66 nao esta em C543882136
-70 nao esta em C162358973
C404896632 = {}
55 nao esta em C758727308
67 nao esta em C872159716
95 nao esta em C288223627
C138031792 = {-95, -78, 0, 35, 39}
20 nao esta em C717797869
C956697050 = {-4, 9, 60, 95}
-26 nao esta em C105329151
52 nao esta em C873925602
C543882136 = {}
C62659225 = {}
C525540564 = {-93, -71, -64, -50, 18, 85}
C873925602 = {}
C298923473 = {}
44 nao esta em C165839650
C171718159 = {-71, 39, 53}
C512570013 = {}
46 nao esta em C278197648
C777350004 = {-100, -87, -73, -69, -38, -15, -7, 32, 44, 90}
C512570013 = {}
-2 nao esta em C729641203
-6 nao esta em C389864469
-34 nao esta em C134326982
C250299150 = {}
C84571391 = {-74, -55, -53, -33, -21, -6, 8, 15}
39 esta em C33720106
25 esta em C278197648
C161154940 = {}
32 nao esta em C366430393
-54 nao esta em C389864469
97 nao esta em C765620762
C195895850 = {-17, 82, 86}
C98593735 = {}
-65 esta em C544778448
C719278365 = {}
51 nao esta em C450929622
C727621899 = {-98, -53, -39, -27, -15, -8, 0, 3, 20, 32, 34, 42, 60, 97, 99, 100}
C300272886 = {}
41 esta em C683974709
C171718159 = {-71, 39, 53}
C270726094 = {}
C162358973 = {-86, -83, -81, -17, 55, 77}
-12 nao esta em C303087392
10 nao esta em C16211462
-49 nao esta em C508790136
C952607913 = {-85, -42, -24, -6, 37, 83, 86, 94}
85 esta em C525540564
C729641203 = {-80, -79, -53, -41, 5, 36, 45, 56, 77}
40 nao esta em C208146834
44 nao esta em C407114470
-92 esta em C12549857
C680397708 = {-72, -16, 14, 19, 21, 29, 47, 50, 70, 82, 84}
C717797869 = {}
-32 esta em C906128170
-24 nao esta em C58035165
9 nao esta em C165839650
C683974709 = {}
-86 esta em C677697533
8 esta em C270726094
C363133010 = {}
-41 esta em C80672796
C407114470 = {}
C809428532 = {}
5 nao esta em C211810498
C747518665 = {}
82 esta em C195895850
55 esta em C138665777
C575888651 = {}
-24 nao esta em C165518614
C23037320 = {}
C294164224 = {}
-27 esta em C439232929
8 nao esta em C288223627
C105329151 = {}
C43777041 = {}
-71 esta em C171718159
C224020323 = {}
70 nao esta em C407114470
C526261948 = {}
C575888651 = {}
65 nao esta em C439232929
-79 nao esta em C278197648
C847140664 = {}
C138031792 = {-95, -94, -92, -68, -54, -49, -45, 33, 35, 37, 50, 63, 64, 68, 97}
C508790136 = {}
94 nao esta em C763792116
C138665777 = {-17, 55, 74}
C105329151 = {}
C971830946 = {-94, -92, -49, -17, -16, -5, 14, 35, 37, 50, 63, 64, 66, 70, 77, 79}
52 nao esta em C404896632
-61 nao esta em C363133010
13 nao esta em C278197648
-90 nao esta em C508790136
C717797869 = {}
C826414663 = {13}
58 nao esta em C363133010
-73 nao esta em C88391404
-83 nao esta em C175781331
C543882136 = {}
71 nao esta em C953581499
-93 esta em C190786372
C29009490 = {}
C609474840 = {-85, -51, -43, -6, 37, 74, 83, 86, 94}
C182255337 = {}
-3 nao esta em C366430393
51 nao esta em C250299150
C473579475 = {-6}
67 nao esta em C602512567
C965840506 = {}
C480778833 = {}
-11 esta em C98593735
C512570013 = {-100, -95, -92, -87, -73, -71, -69, -68, -54, -48, -45, -42, -38, -17, -15, -11, -7, 12, 32, 33, 44, 50, 61, 68, 82, 86, 90, 97}
-43 esta em C363133010
C151944683 = {}
C200024103 = {}
-17 nao esta em C225330287
64 nao esta em C880435423
C354709799 = {0, 18}
C138031792 = {-95, -94, -92, -76, -68, -54, -49, -45, 27, 33, 35, 37, 50, 63, 64, 68, 97}
C105329151 = {}
C138031792 = {-95, -94, -92, -76, -68, -54, -49, -45, 27, 33, 35, 37, 50, 63, 64, 68, 97}
17 nao esta em C508790136
C298923473 = {}
C586449557 = {-72, -16, 14, 19, 21, 29, 47, 50, 70, 82, 84}
89 nao esta em C44215505
36 nao esta em C151944683
-33 nao esta em C906128170
41 nao esta em C847140664
47 nao esta em C270726094
45 nao esta em C965840506
C161154940 = {-92, -71, -48, -42, -11, 12, 61}
C58763172 = {}
C368794510 = {-95, -71, -54, -35, -21, 0, 39, 53}
-93 nao esta em C872159716
12 nao esta em C105329151
43 nao esta em C719278365
C16211462 = {-98, -90, -89, -78, -53, -39, -28, -27, -26, -18, -15, -8, 0, 3, 4, 10, 20, 32, 34, 42, 49, 53, 60, 62, 72, 77, 79, 85, 86, 97, 99, 100}
-88 esta em C505522764
C873925602 = {-88, -60, -48, -12, -2, 18, 39, 89, 94}
C88391404 = {-93}
C84571391 = {-88, -60, -48, -12, -2, 18, 39, 89, 94}
C151944683 = {-82, -5}
-42 nao esta em C547458006
60 nao esta em C575888651
C224020323 = {}
25 nao esta em C765620762
4 nao esta em C224020323
C818341964 = {}
90 nao esta em C224020323
6 nao esta em C971830946
C270726094 = {}
C602512567 = {}
C965840506 = {}
82 esta em C278197648
C298923473 = {-93, -89, -77, -74, -65, -59, -49, -47, -39, -21, 11, 15, 16, 19, 22, 46, 51, 52, 61, 64, 82, 92}
C33720106 = {-87, -43, 32, 43, 100}
61 esta em C298923473
-15 esta em C758727308
C199047022 = {}
36 nao esta em C956697050
39 esta em C208146834
-5 esta em C151944683
93 nao esta em C165839650
-3 nao esta em C526261948
C758727308 = {-17, -15, 0, 14, 29, 36, 52, 55, 74}
99 nao esta em C300272886
C98593735 = {}
-84 nao esta em C765620762
-95 esta em C439232929
-52 nao esta em C58763172
C58763172 = {}
C439232929 = {-97, -95, -65, 6, 66, 69}
-10 nao esta em C952937018
C16211462 = {}
C145135406 = {-95, -87, -68, -54, -45, -19, 33, 34, 36, 50, 67, 68, 73, 74, 97}
C777350004 = {-15, 14, 29, 36, 52}
16 nao esta em C450929622
C104782131 = {-6}
54 nao esta em C210149582
-98 esta em C727621899
C242659940 = {}
C544778448 = {}
19 nao esta em C98593735
C134326982 = {}
C78201478 = {}
C270726094 = {-83, -82, -5, 13, 52, 85}
98 nao esta em C62659225
C543882136 = {}
C115593374 = {}
-50 nao esta em C161154940
55 nao esta em C683974709
27 nao esta em C12549857
-54 nao esta em C508790136
C35434104 = {-92, -86, -83, -81, -80, -79, -53, -41, -32, -17, -1, 5, 36, 45, 48, 55, 56, 77, 97, 99}
-93 nao esta em C225330287
C195895850 = {-17, 40, 82, 86}
-56 nao esta em C165518614
C680154504 = {}
-57 nao esta em C250299150
-85 esta em C952607913
43 nao esta em C818341964
C288223627 = {}
-31 nao esta em C544778448
25 nao esta em C826414663
C847140664 = {-6}
-33 nao esta em C128057051
C789572403 = {}
C485272090 = {}
-93 esta em C190786372
-23 nao esta em C742456628
C35434104 = {-92, -86, -83, -81, -80, -79, -53, -41, -32, -17, -1, 5, 36, 45, 48, 55, 56, 77, 97, 99}
33 nao esta em C354709799
9 nao esta em C288223627
-77 esta em C182948845
C270726094 = {-83, -82, -5, 13, 52, 85}
-95 nao esta em C134326982
C366430393 = {-15, 15, 45}
C539035967 = {}
79 nao esta em C29009490
-32 nao esta em C485272090
-8 nao esta em C667156574
-89 esta em C175781331
C104782131 = {}
44 nao esta em C404896632
37 esta em C473579475
-60 nao esta em C151944683
-1 nao esta em C288223627
60 nao esta em C649263799
-59 nao esta em C602512567
C525540564 = {-95, -87, -74, -73, -68, -65, -54, -45, -35, -24, -23, -19, -6, 1, 24, 33, 34, 35, 50, 58, 59, 67, 68, 73, 74, 76, 97}
36 esta em C956697050
C171718159 = {-71, 39, 53}
C12549857 = {}
81 nao esta em C908266758
C182948845 = {-77, -41, -40, -1, 21, 89}
C171718159 = {-71, 39, 53}
-88 nao esta em C485272090
-37 nao esta em C138031792
-71 nao esta em C404896632
C952607913 = {-6}
C368794510 = {-98, -95, -92, -78, -74, -71, -56, -53, -48, -42, -39, -36, -27, -15, -11, -8, 0, 3, 12, 20, 31, 32, 34, 35, 39, 42, 60, 61, 85, 97, 99, 100}
-91 nao esta em C809428532
C288223627 = {}
-49 esta em C270726094
28 esta em C29777256
C586449557 = {}
-53 nao esta em C480778833
-89 nao esta em C288223627
65 nao esta em C138665777
C200024103 = {}
C789572403 = {}
-89 nao esta em C29777256
-64 nao esta em C138665777
C134326982 = {}
33 nao esta em C161154940
-6 esta em C880435423
-14 nao esta em C758727308
C818341964 = {62}
39 esta em C645671561
C473579475 = {-6, 37}
C526261948 = {-95, -69, -63, -20, 12, 49, 93, 98}
C956697050 = {-91, -86, -81, -68, -38, -17, -15, -11, -7, 0, 10, 14, 29, 36, 37, 52, 55, 63, 77}
C78512721 = {}
30 nao esta em C407114470
C683974709 = {-62, -57, -44, -27, -15, 14, 18, 29, 36, 52}
C677697533 = {}
-19 esta em C145135406
51 esta em C485272090
C171718159 = {}
C211810498 = {}
40 nao esta em C680397708
C224020323 = {-95, -87, -68, -45, -33, -19, -9, 33, 34, 36, 50, 51, 67, 68, 73, 74, 78, 97}
58 nao esta em C602512567
C12549857 = {}
C404896632 = {}
2 nao esta em C366430393
31 nao esta em C200024103
C225330287 = {-95, -79, -51, -47, -40, -30, -21, 0, 31, 36, 49, 54, 74, 83, 87, 95}
C649263799 = {}
-52 nao esta em C128057051
36 nao esta em C58763172
C953581499 = {}
C134326982 = {}
-60 nao esta em C115593374
C165518614 = {-99, -48, -34, -27, -26, -10, 9, 85, 92}
49 nao esta em C134326982
62 nao esta em C78201478
C303387258 = {-6}
C485272090 = {-84, -67, -13, -11, 31, 51}
C242659940 = {}
42 nao esta em C823276737
C138031792 = {}
68 esta em C145135406
13 nao esta em C965840506
-24 nao esta em C539035967
47 nao esta em C165839650
C602512567 = {-90, -75, -66, -60, 6, 9, 40, 79}
C315819299 = {6}
C965840506 = {}
85 nao esta em C544778448
C880435423 = {-16, -6, 71}
C98593735 = {-48, -34, -12, -11, -10, -4, 40, 74, 78}
-32 nao esta em C63873198
-54 nao esta em C33720106
C717797869 = {-98, -95, -94, -92, -89, -87, -74, -73, -68, -65, -54, -45, -41, -40, -35, -28, -24, -23, -20, -19, -15, -6, 1, 2, 24, 31, 33, 34, 35, 50, 58, 59, 67, 68, 69, 73, 74, 76, 97}
C485272090 = {-84, -67, -13, -11, 31, 51}
C544778448 = {}
C181122172 = {}
35 nao esta em C363133010
7 nao esta em C199047022
74 nao esta em C826414663
74 nao esta em C953581499
C171718159 = {-95, -84, -54, -35, -21, 0, 38}
24 nao esta em C439232929
-35 nao esta em C29777256
C809428532 = {-59, 2, 41, 93}
-76 nao esta em C44215505
C525540564 = {-95, -79, -40, -30, -21, 0, 36, 74}
C199047022 = {}
-34 nao esta em C96412030
C33720106 = {-86, -83, -81, -80, -79, -53, -52, -41, -34, -17, -6, 5, 36, 45, 55, 56, 58, 59, 77, 84, 86}
-94 nao esta em C44215505
C43777041 = {}
-15 esta em C145135406
C105329151 = {}
-60 nao esta em C115593374
25 nao esta em C609474840
C200024103 = {}
C181122172 = {}
C480778833 = {-9, -2, 7, 9, 27, 30, 64, 77, 78, 90}
-99 nao esta em C182948845
-15 nao esta em C429453832
45 nao esta em C439232929
-50 nao esta em C98593735
86 nao esta em C96793987
C199047022 = {}
C505522764 = {}
-87 nao esta em C407114470
C162358973 = {-86, -83, -81, -17, 32, 43, 55, 75, 77, 80}
C96793987 = {-79, -78, -73, -57, -54, -43, -37, -35, -21, -8, -5, 10, 27, 30, 31, 44, 45, 47, 57, 59, 66, 70, 81, 82, 84, 92, 99}
86 nao esta em C952607913
-53 esta em C480778833
C575888651 = {}
90 esta em C190786372
-77 nao esta em C971830946
C165839650 = {-95, -79, -40, -30, -21, 0, 36, 74}
C953581499 = {-95, -87, -68, -45, -33, -19, -9, 33, 34, 36, 50, 67, 68, 73, 74, 78, 97}
-53 nao esta em C88391404
C278197648 = {}
-58 nao esta em C228583120
-43 esta em C363133010
13 nao esta em C115593374
C63873198 = {}
68 nao esta em C526261948
9 esta em C473579475
-41 nao esta em C138665777
C210149582 = {-85, -84, -79, -67, -54, -30, -18, -16, -13, -11, 31, 51, 77}
-66 nao esta em C270726094
C58763172 = {}
45 nao esta em C300272886
29 esta em C182948845
43 esta em C450929622
68 esta em C953581499
C609474840 = {}
C777350004 = {-95, -87, -79, -68, -45, -40, -33, -30, -21, -19, -9, 0, 33, 34, 36, 50, 51, 67, 68, 73, 74, 78, 97}
C88391404 = {-33, -25, -10, 7, 41, 97, 99}
C102360432 = {}
C616061120 = {-81, -5, 24, 68, 78}
25 nao esta em C512570013
91 nao esta em C182948845
C366430393 = {}
-68 esta em C224020323
-6 esta em C303387258
C956697050 = {}
5 esta em C138665777
C98593735 = {}
85 nao esta em C278197648
C48627728 = {}
C23037320 = {-72, -58, 27, 66, 80}
C609474840 = {}
25 nao esta em C165518614
53 nao esta em C35434104
C429453832 = {}
-12 nao esta em C108616837
C602512567 = {-90, -75, -66, -60, 6, 9, 40, 79}
C602512567 = {-90, -75, -66, -60, 6, 9, 40, 79}
C616061120 = {}
-64 nao esta em C211810498
-12 nao esta em C616061120
C48627728 = {}
90 nao esta em C125561590
74 nao esta em C366430393
C680397708 = {}
68 nao esta em C303087392
74 esta em C354709799
C758727308 = {-86, -41, -3, 3, 62}
24 nao esta em C512570013
77 nao esta em C758727308
18 esta em C609474840
C539035967 = {}
C181122172 = {39, 41, 45}
-71 nao esta em C727621899
C485272090 = {}
C181122172 = {39, 41, 45}
24 nao esta em C354709799
-40 esta em C525540564
C210149582 = {-85, -84, -79, -67, -54, -30, -18, -16, -13, -11, 31, 51, 77}
C429453832 = {-97, -85, -67, -52, -45, -37, -10, -6, 18}
C161154940 = {}
C228583120 = {}
-12 nao esta em C96793987
77 nao esta em C128057051
-91 nao esta em C171718159
66 nao esta em C300272886
C84571391 = {-71, -53, -25, -6, 3, 5, 28, 37, 51}
93 nao esta em C763792116
C58763172 = {-99, -20}
-64 nao esta em C96793987
C98593735 = {}
C200024103 = {}
C115593374 = {}
-24 esta em C225330287
-41 nao esta em C48627728
C539035967 = {}
C171718159 = {-95, -84, -54, -35, -21, 0, 38}
C171718159 = {-95, -84, -54, -35, -21, 0, 38}
-35 nao esta em C288223627
-91 nao esta em C366430393
C182948845 = {-95, -87, -74, -73, -71, -68, -65, -54, -53, -45, -25, -24, -23, -19, -6, 1, 3, 5, 24, 28, 33, 34, 35, 50, 51, 58, 59, 67, 68, 73, 74, 76, 97}
52 esta em C228583120
C873925602 = {}
-80 nao esta em C649263799
C288223627 = {-90, -3}
-31 nao esta em C298923473
C62659225 = {}
43 esta em C450929622
C298923473 = {}
C952607913 = {}
-21 nao esta em C680397708
C182255337 = {}
-34 nao esta em C717797869
58 nao esta em C211810498
52 nao esta em C677697533
C182948845 = {-95, -87, -74, -73, -71, -68, -65, -54, -53, -45, -25, -24, -23, -19, -6, 1, 3, 5, 24, 28, 33, 34, 35, 50, 51, 58, 59, 67, 68, 73, 74, 76, 97}
C952607913 = {}
-86 nao esta em C363133010
C952607913 = {}
30 nao esta em C102360432
C953581499 = {-95, -87, -68, -45, -33, -19, -9, 33, 34, 36, 50, 67, 68, 73, 74, 78, 97}
C98593735 = {}
C872159716 = {}
-85 nao esta em C729641203
-97 nao esta em C44215505
-13 esta em C616061120
-40 nao esta em C63873198
C303387258 = {}
-92 nao esta em C58763172
40 nao esta em C539035967
-9 nao esta em C138665777
C182948845 = {-95, -87, -74, -73, -71, -68, -65, -54, -53, -45, -25, -24, -23, -19, -6, 1, 3, 5, 24, 28, 33, 34, 35, 50, 51, 58, 59, 67, 68, 73, 74, 76, 97}
C44215505 = {-95, -87, -68, -64, -61, -54, -45, -43, -33, -24, -19, -9, 5, 30, 33, 34, 36, 50, 51, 65, 67, 68, 73, 74, 78, 97}
84 nao esta em C98593735
-71 nao esta em C138665777
C512570013 = {-95, -79, -77, -64, -60, -49, -48, -40, -30, -21, -12, 0, 36, 74, 81}
58 nao esta em C63873198
C717797869 = {}
-51 nao esta em C190786372
-46 nao esta em C683974709
-53 esta em C182948845
62 nao esta em C29009490
90 nao esta em C58763172
C508790136 = {-99, -42, -21, -10, 61, 89}
C175781331 = {}
-13 esta em C616061120
C616061120 = {-79, -61, -59, -28, -13, -7, 10, 15, 55, 76}
C872159716 = {}
C429453832 = {}
C742456628 = {-88, -75, -67, -60, -53, -48, -15, -12, 14, 18, 29, 36, 39, 50, 52, 68, 69, 81, 88, 89, 94}
C873925602 = {}
94 nao esta em C205457816
C719278365 = {-27, 72, 74, 92}
C162358973 = {-95, -87, -85, -79, -77, -68, -45, -33, -30, -21, -19, -17, -9, 0, 10, 33, 34, 36, 50, 51, 67, 68, 73, 74, 78, 80, 97}
C63873198 = {}
-56 nao esta em C952607913
-53 esta em C763792116
-18 nao esta em C956697050
C88391404 = {}
-98 nao esta em C228583120
C758727308 = {}
41 nao esta em C151944683
-65 esta em C88391404
96 esta em C366430393
C80672796 = {51}
C29009490 = {}
-60 esta em C23037320
-35 nao esta em C138665777
C138031792 = {-92, -75, -66, 6, 23, 47, 57, 63}
99 esta em C224020323
C138031792 = {-92, -75, -66, 6, 23, 47, 57, 63}
-33 nao esta em C242659940
C315819299 = {}
-74 esta em C952937018
5 esta em C182948845
74 esta em C78512721
74 nao esta em C165518614
77 esta em C300272886
C908266758 = {-99, -95, -87, -50, -41, -18, 12, 26, 35, 37, 38, 42, 47, 49, 51, 66, 69, 85, 91}
1 nao esta em C789572403
-19 nao esta em C763792116
73 esta em C575888651
70 nao esta em C826414663
C128057051 = {}
-48 nao esta em C250299150
56 nao esta em C680397708
C609474840 = {}
C300272886 = {-86, -83, -81, -80, -79, -61, -53, -52, -41, -34, -17, -6, 5, 36, 38, 42, 45, 55, 56, 58, 59, 77, 84, 86}
C128057051 = {}
-65 esta em C680154504
C23037320 = {-95, -79, -77, -64, -60, -49, -48, -40, -30, -21, -12, 0, 36, 74, 81}
-25 nao esta em C224020323
C125561590 = {}
-56 nao esta em C195895850
-23 esta em C758727308
C298923473 = {}
C43777041 = {-88, -86, -78, -75, -69, -67, -60, -57, -55, -54, -53, -48, -42, -40, -26, -15, -12, 14, 18, 24, 29, 31, 36, 39, 48, 50, 52, 56, 68, 69, 72, 81, 87, 88, 89, 94}
-58 esta em C228583120
51 esta em C162358973
-49 nao esta em C547458006
C80672796 = {-84, -66, 51, 65}
C288223627 = {}
C200024103 = {-88, -79, -33, -24, -13, 43, 60, 66}
C182255337 = {-72, -58, -36, -30, -22, 27, 66}
C729641203 = {-88, -75, -67, -60, -53, -48, -15, -12, 14, 18, 29, 36, 39, 50, 52, 68, 69, 81, 88, 89, 94}
C84571391 = {}
C58035165 = {}
C250299150 = {}
C543882136 = {}
-98 nao esta em C78201478
C965840506 = {-95, -56, -54, -47, -37, -32, -17, 14, 17, 21, 33, 53, 71, 72, 85, 86, 87, 93}
-11 esta em C210149582
-92 nao esta em C908266758
84 esta em C952937018
63 esta em C138031792
C16211462 = {-86, -69, -57, -55, -54, -40, -36, -26, 25, 56, 72, 74, 77, 87, 99}
C225330287 = {-92, -91, -88, -86, -75, -69, -67, -66, -60, -57, -55, -54, -53, -48, -40, -26, -15, -12, -1, 4, 6, 14, 17, 18, 23, 29, 36, 39, 47, 50, 52, 56, 57, 63, 68, 69, 72, 81, 87, 88, 89, 94, 99}
C105329151 = {-93, -21, -12, 11, 28, 36}
C508790136 = {}
C225330287 = {-92, -91, -88, -86, -75, -69, -67, -66, -60, -57, -55, -54, -53, -48, -40, -26, -15, -12, -1, 4, 6, 14, 17, 18, 23, 29, 36, 39, 47, 50, 52, 56, 57, 63, 68, 69, 72, 81, 87, 88, 89, 94, 99}
-82 nao esta em C228583120
C208146834 = {93, 98}
59 nao esta em C294164224
C182255337 = {-72, -58, -36, -30, -22, 27, 66}
C43777041 = {-88, -86, -78, -75, -69, -67, -60, -57, -55, -54, -53, -48, -42, -40, -26, -15, -12, 14, 18, 24, 29, 31, 36, 39, 48, 50, 52, 56, 68, 69, 72, 81, 87, 88, 89, 94}
57 nao esta em C575888651
C96412030 = {}
-69 esta em C138031792
C162358973 = {-95, -87, -85, -79, -77, -71, -68, -45, -39, -33, -30, -21, -19, -17, -9, -1, 0, 10, 11, 14, 23, 33, 34, 36, 50, 51, 64, 67, 68, 72, 73, 74, 78, 80, 97, 98}
C225330287 = {-92, -91, -88, -86, -75, -69, -67, -66, -60, -57, -55, -54, -53, -48, -40, -26, -15, -12, -1, 4, 6, 14, 17, 18, 23, 29, 36, 39, 47, 50, 52, 56, 57, 63, 68, 69, 72, 81, 87, 88, 89, 94, 99}
C58035165 = {}
-76 nao esta em C205457816
C225330287 = {-92, -91, -88, -86, -75, -69, -67, -66, -60, -57, -55, -54, -53, -48, -40, -26, -15, -12, -1, 4, 6, 14, 17, 18, 23, 29, 36, 39, 47, 50, 52, 56, 57, 63, 68, 69, 72, 81, 87, 88, 89, 94, 99}
-90 nao esta em C508790136
88 nao esta em C543882136
-27 nao esta em C199047022
C270726094 = {-66, -63, -56, -53, -34, -27, 3, 6, 21, 33, 43, 58, 74, 76, 83}
C294164224 = {-64, -27, -24, 4, 25, 41}
-42 esta em C175781331
C104782131 = {-88, -16, -14, -10, -8, 1, 22, 52, 87, 96}
C649263799 = {-70, -69, -68, -65, -41, -12, 2, 15, 17, 27, 32, 62, 81, 84, 86, 91, 98, 100}
-33 esta em C525540564
-17 nao esta em C181122172
C84571391 = {}
C125561590 = {-78, -77, -42, 23, 24, 31, 35, 43, 44, 45, 48, 69}
48 nao esta em C80672796
C680397708 = {}
-64 nao esta em C758727308
C765620762 = {}
-67 esta em C242659940
-6 nao esta em C125561590
53 nao esta em C138031792
C965840506 = {}
-63 nao esta em C102360432
-24 esta em C525540564
C102360432 = {}
-20 nao esta em C508790136
-100 esta em C354709799
C818341964 = {}
-29 nao esta em C429453832
C199047022 = {}
-35 nao esta em C363133010
C288223627 = {}
C33720106 = {-78, -42, 24, 31, 48}
-90 nao esta em C649263799
64 nao esta em C683974709
70 esta em C211810498
C84571391 = {}
C128057051 = {}
C208146834 = {93, 98}
C826414663 = {}
C602512567 = {-97, -88, -87, -86, -79, -74, -73, -71, -68, -65, -58, -54, -53, -48, -45, -33, -25, -24, -23, -19, -13, -12, -6, 1, 3, 4, 5, 24, 28, 33, 34, 35, 43, 50, 51, 52, 53, 58, 59, 60, 66, 67, 68, 73, 74, 76, 97, 98}
C680397708 = {}
71 nao esta em C29777256
C602512567 = {-97, -88, -87, -86, -79, -74, -73, -71, -68, -65, -58, -54, -53, -48, -45, -33, -25, -24, -23, -19, -13, -12, -6, 1, 3, 4, 5, 24, 28, 33, 34, 35, 43, 50, 51, 52, 53, 58, 59, 60, 66, 67, 68, 73, 74, 76, 97, 98}
-42 esta em C35434104
C242659940 = {-90, -88, -67, -52, -44, -42, -14, -8, 13, 21, 25, 38, 59, 75, 83}
34 esta em C450929622
-86 esta em C609474840
C616061120 = {}
C298923473 = {-93, -21, -12, 11, 28, 36}
-68 esta em C539035967
C952937018 = {43, 86}
46 nao esta em C826414663
36 nao esta em C62659225
C205457816 = {}
-54 esta em C508790136
C809428532 = {-98, -79, -60, -57, -46, -30, -21, -5, 18, 30, 39, 47, 73, 96, 100}
C526261948 = {}
-73 nao esta em C952607913
-15 nao esta em C162358973
C480778833 = {}
-38 esta em C105329151
C729641203 = {}
12 nao esta em C128057051
C175781331 = {-90, -88, -67, -52, -44, -42, -14, -8, 13, 21, 25, 38, 59, 75, 83}
C199047022 = {}
-16 nao esta em C823276737
C228583120 = {}
C145135406 = {-95, -66, -62, -61, -55, -54, 44, 95}
73 esta em C763792116
63 nao esta em C29009490
-44 nao esta em C616061120
C777350004 = {}
C43777041 = {-88, -86, -78, -75, -69, -67, -60, -57, -55, -54, -53, -48, -42, -40, -26, -15, -12, 14, 18, 24, 29, 31, 36, 39, 48, 50, 52, 56, 68, 69, 72, 81, 87, 88, 89, 94}
C575888651 = {}
12 nao esta em C294164224
C315819299 = {-52, -37, -33, -8, 9, 90}
C225330287 = {}
C134326982 = {}
-77 nao esta em C952607913
C88391404 = {}
73 esta em C303087392
-84 nao esta em C575888651
-69 nao esta em C58035165
-70 nao esta em C205457816
40 nao esta em C586449557
C208146834 = {93, 98}
C84571391 = {}
C763792116 = {-98, -79, -60, -57, -46, -38, -30, -21, -5, 18, 30, 39, 43, 47, 70, 73, 96, 100}
C125561590 = {}
-73 nao esta em C104782131
C368794510 = {}
C765620762 = {93, 98}
-61 esta em C429453832
43 esta em C33720106
C953581499 = {-57, -55, -36, -32, 17, 73, 76, 99}
-41 nao esta em C956697050
C195895850 = {}
-47 esta em C908266758
-17 nao esta em C505522764
C199047022 = {}
-57 esta em C742456628
C294164224 = {}
C195895850 = {}
-29 nao esta em C108616837
C303087392 = {-100, -91, -90, -83, -78, 91}
C128057051 = {}
25 nao esta em C171718159
-64 nao esta em C407114470
C823276737 = {}
